#-----------------------------------------------------------
# Vivado v2015.4 (64-bit)
# SW Build 1412921 on Wed Nov 18 09:43:45 MST 2015
# IP Build 1412160 on Tue Nov 17 13:47:24 MST 2015
# Start of session at: Tue Nov 05 20:11:23 2019
# Process ID: 21328
# Current directory: G:/project/addsub
# Command line: vivado.exe -gui_launcher_event rodinguilauncherevent17872 G:\project\addsub\addsub.xpr
# Log file: G:/project/addsub/vivado.log
# Journal file: G:/project/addsub\vivado.jou
#-----------------------------------------------------------
start_gui
open_project G:/project/addsub/addsub.xpr
launch_simulation
source addsub8_sim.tcl
open_hw
connect_hw_server
disconnect_hw_server localhost:3121
connect_hw_server
disconnect_hw_server localhost:3121
connect_hw_server
disconnect_hw_server localhost:3121
connect_hw_server -url localhost:3121
current_hw_target [get_hw_targets */xilinx_tcf/Digilent/210183795992A]
set_property PARAM.FREQUENCY 15000000 [get_hw_targets */xilinx_tcf/Digilent/210183795992A]
open_hw_target
set_property PROGRAM.FILE {G:/project/addsub/addsub.runs/impl_1/addsub.bit} [lindex [get_hw_devices] 0]
current_hw_device [lindex [get_hw_devices] 0]
refresh_hw_device -update_hw_probes false [lindex [get_hw_devices] 0]
set_property PROBES.FILE {} [lindex [get_hw_devices] 0]
set_property PROGRAM.FILE {G:/project/addsub/addsub.runs/impl_1/addsub.bit} [lindex [get_hw_devices] 0]
program_hw_devices [lindex [get_hw_devices] 0]
refresh_hw_device [lindex [get_hw_devices] 0]
close_sim
